Wrote 18 plots to outputs/pendulum_final_300k_clean/plots
  outputs/pendulum_final_300k_clean/plots/auto_all_targets_eval_return_mean.png
  outputs/pendulum_final_300k_clean/plots/manual_vs_auto_panels_eval_return_mean.png
  outputs/pendulum_final_300k_clean/plots/reward_scaling_panels_eval_return_mean.png
  outputs/pendulum_final_300k_clean/plots/auto_all_targets_mean_abs_angle_error_deg.png
  outputs/pendulum_final_300k_clean/plots/manual_vs_auto_panels_mean_abs_angle_error_deg.png
  outputs/pendulum_final_300k_clean/plots/reward_scaling_panels_mean_abs_angle_error_deg.png
  outputs/pendulum_final_300k_clean/plots/auto_all_targets_target_occupancy.png
  outputs/pendulum_final_300k_clean/plots/manual_vs_auto_panels_target_occupancy.png
  outputs/pendulum_final_300k_clean/plots/reward_scaling_panels_target_occupancy.png
  outputs/pendulum_final_300k_clean/plots/auto_all_targets_mean_abs_angular_velocity.png
  outputs/pendulum_final_300k_clean/plots/manual_vs_auto_panels_mean_abs_angular_velocity.png
  outputs/pendulum_final_300k_clean/plots/reward_scaling_panels_mean_abs_angular_velocity.png
  outputs/pendulum_final_300k_clean/plots/auto_all_targets_mean_squared_torque.png
  outputs/pendulum_final_300k_clean/plots/manual_vs_auto_panels_mean_squared_torque.png
  outputs/pendulum_final_300k_clean/plots/reward_scaling_panels_mean_squared_torque.png
  outputs/pendulum_final_300k_clean/plots/auto_all_targets_alpha.png
  outputs/pendulum_final_300k_clean/plots/manual_vs_auto_panels_alpha.png
  outputs/pendulum_final_300k_clean/plots/reward_scaling_panels_alpha.png
Wrote 18 plots to outputs/pendulum_final_300k_clean/plots
  outputs/pendulum_final_300k_clean/plots/auto_all_targets_eval_return_mean_smooth3.png
  outputs/pendulum_final_300k_clean/plots/manual_vs_auto_panels_eval_return_mean_smooth3.png
  outputs/pendulum_final_300k_clean/plots/reward_scaling_panels_eval_return_mean_smooth3.png
  outputs/pendulum_final_300k_clean/plots/auto_all_targets_mean_abs_angle_error_deg_smooth3.png
  outputs/pendulum_final_300k_clean/plots/manual_vs_auto_panels_mean_abs_angle_error_deg_smooth3.png
  outputs/pendulum_final_300k_clean/plots/reward_scaling_panels_mean_abs_angle_error_deg_smooth3.png
  outputs/pendulum_final_300k_clean/plots/auto_all_targets_target_occupancy_smooth3.png
  outputs/pendulum_final_300k_clean/plots/manual_vs_auto_panels_target_occupancy_smooth3.png
  outputs/pendulum_final_300k_clean/plots/reward_scaling_panels_target_occupancy_smooth3.png
  outputs/pendulum_final_300k_clean/plots/auto_all_targets_mean_abs_angular_velocity_smooth3.png
  outputs/pendulum_final_300k_clean/plots/manual_vs_auto_panels_mean_abs_angular_velocity_smooth3.png
  outputs/pendulum_final_300k_clean/plots/reward_scaling_panels_mean_abs_angular_velocity_smooth3.png
  outputs/pendulum_final_300k_clean/plots/auto_all_targets_mean_squared_torque_smooth3.png
  outputs/pendulum_final_300k_clean/plots/manual_vs_auto_panels_mean_squared_torque_smooth3.png
  outputs/pendulum_final_300k_clean/plots/reward_scaling_panels_mean_squared_torque_smooth3.png
  outputs/pendulum_final_300k_clean/plots/auto_all_targets_alpha_smooth3.png
  outputs/pendulum_final_300k_clean/plots/manual_vs_auto_panels_alpha_smooth3.png
  outputs/pendulum_final_300k_clean/plots/reward_scaling_panels_alpha_smooth3.png
Wrote 16 videos to outputs/pendulum_final_300k_clean/videos
  outputs/pendulum_final_300k_clean/videos/auto_target_p000.gif
  outputs/pendulum_final_300k_clean/videos/auto_target_m010.gif
  outputs/pendulum_final_300k_clean/videos/auto_target_p030.gif
  outputs/pendulum_final_300k_clean/videos/auto_target_m060.gif
  outputs/pendulum_final_300k_clean/videos/auto_target_p090.gif
  outputs/pendulum_final_300k_clean/videos/auto_target_m090.gif
  outputs/pendulum_final_300k_clean/videos/auto_target_p120.gif
  outputs/pendulum_final_300k_clean/videos/auto_target_m150.gif
  outputs/pendulum_final_300k_clean/videos/manual_target_m060_alpha_0p03.gif
  outputs/pendulum_final_300k_clean/videos/manual_target_p090_alpha_0p01.gif
  outputs/pendulum_final_300k_clean/videos/manual_target_p120_alpha_0p01.gif
  outputs/pendulum_final_300k_clean/videos/manual_target_m150_alpha_0p01.gif
  outputs/pendulum_final_300k_clean/videos/auto_target_p090_scale_10.gif
  outputs/pendulum_final_300k_clean/videos/manual_target_p090_scale_10_alpha_0p01.gif
  outputs/pendulum_final_300k_clean/videos/auto_target_p090_scale_0.1.gif
  outputs/pendulum_final_300k_clean/videos/manual_target_p090_scale_0.1_alpha_0p01.gif
