This is pdfTeX, Version 3.141592653-2.6-1.40.28 (TeX Live 2025/Debian) (preloaded format=pdflatex 2026.5.6)  16 MAY 2026 23:00
entering extended mode
 restricted \write18 enabled.
 %&-line parsing enabled.
**main.tex
(./main.tex
LaTeX2e <2025-11-01>
L3 programming layer <2026-01-19>
(/usr/share/texlive/texmf-dist/tex/latex/base/article.cls
Document Class: article 2025/01/22 v1.4n Standard LaTeX document class
(/usr/share/texlive/texmf-dist/tex/latex/base/size11.clo
File: size11.clo 2025/01/22 v1.4n Standard LaTeX file (size option)
)
\c@part=\count275
\c@section=\count276
\c@subsection=\count277
\c@subsubsection=\count278
\c@paragraph=\count279
\c@subparagraph=\count280
\c@figure=\count281
\c@table=\count282
\abovecaptionskip=\skip49
\belowcaptionskip=\skip50
\bibindent=\dimen148
)
(/usr/share/texlive/texmf-dist/tex/latex/geometry/geometry.sty
Package: geometry 2020/01/02 v5.9 Page Geometry

(/usr/share/texlive/texmf-dist/tex/latex/graphics/keyval.sty
Package: keyval 2022/05/29 v1.15 key=value parser (DPC)
\KV@toks@=\toks17
)
(/usr/share/texlive/texmf-dist/tex/generic/iftex/ifvtex.sty
Package: ifvtex 2019/10/25 v1.7 ifvtex legacy package. Use iftex instead.

(/usr/share/texlive/texmf-dist/tex/generic/iftex/iftex.sty
Package: iftex 2024/12/12 v1.0g TeX engine tests
))
\Gm@cnth=\count283
\Gm@cntv=\count284
\c@Gm@tempcnt=\count285
\Gm@bindingoffset=\dimen149
\Gm@wd@mp=\dimen150
\Gm@odd@mp=\dimen151
\Gm@even@mp=\dimen152
\Gm@layoutwidth=\dimen153
\Gm@layoutheight=\dimen154
\Gm@layouthoffset=\dimen155
\Gm@layoutvoffset=\dimen156
\Gm@dimlist=\toks18
)
(/usr/share/texlive/texmf-dist/tex/latex/amsmath/amsmath.sty
Package: amsmath 2025/07/09 v2.17z AMS math features
\@mathmargin=\skip51

For additional information on amsmath, use the `?' option.
(/usr/share/texlive/texmf-dist/tex/latex/amsmath/amstext.sty
Package: amstext 2024/11/17 v2.01 AMS text

(/usr/share/texlive/texmf-dist/tex/latex/amsmath/amsgen.sty
File: amsgen.sty 1999/11/30 v2.0 generic functions
\@emptytoks=\toks19
\ex@=\dimen157
))
(/usr/share/texlive/texmf-dist/tex/latex/amsmath/amsbsy.sty
Package: amsbsy 1999/11/29 v1.2d Bold Symbols
\pmbraise@=\dimen158
)
(/usr/share/texlive/texmf-dist/tex/latex/amsmath/amsopn.sty
Package: amsopn 2022/04/08 v2.04 operator names
)
\inf@bad=\count286
LaTeX Info: Redefining \frac on input line 233.
\uproot@=\count287
\leftroot@=\count288
LaTeX Info: Redefining \overline on input line 398.
LaTeX Info: Redefining \colon on input line 409.
\classnum@=\count289
\DOTSCASE@=\count290
LaTeX Info: Redefining \ldots on input line 495.
LaTeX Info: Redefining \dots on input line 498.
LaTeX Info: Redefining \cdots on input line 619.
\Mathstrutbox@=\box53
\strutbox@=\box54
LaTeX Info: Redefining \big on input line 721.
LaTeX Info: Redefining \Big on input line 722.
LaTeX Info: Redefining \bigg on input line 723.
LaTeX Info: Redefining \Bigg on input line 724.
\big@size=\dimen159
LaTeX Font Info:    Redeclaring font encoding OML on input line 742.
LaTeX Font Info:    Redeclaring font encoding OMS on input line 743.
\macc@depth=\count291
LaTeX Info: Redefining \bmod on input line 904.
LaTeX Info: Redefining \pmod on input line 909.
LaTeX Info: Redefining \smash on input line 939.
LaTeX Info: Redefining \relbar on input line 969.
LaTeX Info: Redefining \Relbar on input line 970.
\c@MaxMatrixCols=\count292
\dotsspace@=\muskip17
\c@parentequation=\count293
\dspbrk@lvl=\count294
\tag@help=\toks20
\row@=\count295
\column@=\count296
\maxfields@=\count297
\andhelp@=\toks21
\eqnshift@=\dimen160
\alignsep@=\dimen161
\tagshift@=\dimen162
\tagwidth@=\dimen163
\totwidth@=\dimen164
\lineht@=\dimen165
\@envbody=\toks22
\multlinegap=\skip52
\multlinetaggap=\skip53
\mathdisplay@stack=\toks23
LaTeX Info: Redefining \[ on input line 2950.
LaTeX Info: Redefining \] on input line 2951.
)
(/usr/share/texlive/texmf-dist/tex/latex/amsfonts/amssymb.sty
Package: amssymb 2013/01/14 v3.01 AMS font symbols

(/usr/share/texlive/texmf-dist/tex/latex/amsfonts/amsfonts.sty
Package: amsfonts 2013/01/14 v3.01 Basic AMSFonts support
\symAMSa=\mathgroup4
\symAMSb=\mathgroup5
LaTeX Font Info:    Redeclaring math symbol \hbar on input line 98.
LaTeX Font Info:    Overwriting math alphabet `\mathfrak' in version `bold'
(Font)                  U/euf/m/n --> U/euf/b/n on input line 106.
))
(/usr/share/texlive/texmf-dist/tex/latex/graphics/graphicx.sty
Package: graphicx 2024/12/31 v1.2e Enhanced LaTeX Graphics (DPC,SPQR)

(/usr/share/texlive/texmf-dist/tex/latex/graphics/graphics.sty
Package: graphics 2024/08/06 v1.4g Standard LaTeX Graphics (DPC,SPQR)

(/usr/share/texlive/texmf-dist/tex/latex/graphics/trig.sty
Package: trig 2023/12/02 v1.11 sin cos tan (DPC)
)
(/usr/share/texlive/texmf-dist/tex/latex/graphics-cfg/graphics.cfg
File: graphics.cfg 2016/06/04 v1.11 sample graphics configuration
)
Package graphics Info: Driver file: pdftex.def on input line 106.

(/usr/share/texlive/texmf-dist/tex/latex/graphics-def/pdftex.def
File: pdftex.def 2025/09/29 v1.2d Graphics/color driver for pdftex
))
\Gin@req@height=\dimen166
\Gin@req@width=\dimen167
)
(/usr/share/texlive/texmf-dist/tex/latex/booktabs/booktabs.sty
Package: booktabs 2020/01/12 v1.61803398 Publication quality tables
\heavyrulewidth=\dimen168
\lightrulewidth=\dimen169
\cmidrulewidth=\dimen170
\belowrulesep=\dimen171
\belowbottomsep=\dimen172
\aboverulesep=\dimen173
\abovetopsep=\dimen174
\cmidrulesep=\dimen175
\cmidrulekern=\dimen176
\defaultaddspace=\dimen177
\@cmidla=\count298
\@cmidlb=\count299
\@aboverulesep=\dimen178
\@belowrulesep=\dimen179
\@thisruleclass=\count300
\@lastruleclass=\count301
\@thisrulewidth=\dimen180
)
(/usr/share/texlive/texmf-dist/tex/latex/multirow/multirow.sty
Package: multirow 2024/11/12 v2.9 Span multiple rows of a table
\multirow@colwidth=\skip54
\multirow@cntb=\count302
\multirow@dima=\skip55
\bigstrutjot=\dimen181
)
(/usr/share/texlive/texmf-dist/tex/latex/hyperref/hyperref.sty
Package: hyperref 2025-07-12 v7.01o Hypertext links for LaTeX

(/usr/share/texlive/texmf-dist/tex/latex/kvsetkeys/kvsetkeys.sty
Package: kvsetkeys 2022-10-05 v1.19 Key value parser (HO)
)
(/usr/share/texlive/texmf-dist/tex/generic/kvdefinekeys/kvdefinekeys.sty
Package: kvdefinekeys 2019-12-19 v1.6 Define keys (HO)
)
(/usr/share/texlive/texmf-dist/tex/generic/pdfescape/pdfescape.sty
Package: pdfescape 2019/12/09 v1.15 Implements pdfTeX's escape features (HO)

(/usr/share/texlive/texmf-dist/tex/generic/ltxcmds/ltxcmds.sty
Package: ltxcmds 2023-12-04 v1.26 LaTeX kernel commands for general use (HO)
)
(/usr/share/texlive/texmf-dist/tex/generic/pdftexcmds/pdftexcmds.sty
Package: pdftexcmds 2020-06-27 v0.33 Utility functions of pdfTeX for LuaTeX (HO
)

(/usr/share/texlive/texmf-dist/tex/generic/infwarerr/infwarerr.sty
Package: infwarerr 2019/12/03 v1.5 Providing info/warning/error messages (HO)
)
Package pdftexcmds Info: \pdf@primitive is available.
Package pdftexcmds Info: \pdf@ifprimitive is available.
Package pdftexcmds Info: \pdfdraftmode found.
))
(/usr/share/texlive/texmf-dist/tex/latex/hycolor/hycolor.sty
Package: hycolor 2020-01-27 v1.10 Color options for hyperref/bookmark (HO)
)
(/usr/share/texlive/texmf-dist/tex/latex/hyperref/nameref.sty
Package: nameref 2025-06-21 v2.57 Cross-referencing by name of section

(/usr/share/texlive/texmf-dist/tex/latex/refcount/refcount.sty
Package: refcount 2019/12/15 v3.6 Data extraction from label references (HO)
)
(/usr/share/texlive/texmf-dist/tex/generic/gettitlestring/gettitlestring.sty
Package: gettitlestring 2019/12/15 v1.6 Cleanup title references (HO)

(/usr/share/texlive/texmf-dist/tex/latex/kvoptions/kvoptions.sty
Package: kvoptions 2022-06-15 v3.15 Key value format for package options (HO)
))
\c@section@level=\count303
)
(/usr/share/texlive/texmf-dist/tex/latex/etoolbox/etoolbox.sty
Package: etoolbox 2025/10/02 v2.5m e-TeX tools for LaTeX (JAW)
\etb@tempcnta=\count304
)
(/usr/share/texlive/texmf-dist/tex/generic/stringenc/stringenc.sty
Package: stringenc 2019/11/29 v1.12 Convert strings between diff. encodings (HO
)
)
\@linkdim=\dimen182
\Hy@linkcounter=\count305
\Hy@pagecounter=\count306

(/usr/share/texlive/texmf-dist/tex/latex/hyperref/pd1enc.def
File: pd1enc.def 2025-07-12 v7.01o Hyperref: PDFDocEncoding definition (HO)
Now handling font encoding PD1 ...
... no UTF-8 mapping file for font encoding PD1
)
(/usr/share/texlive/texmf-dist/tex/generic/intcalc/intcalc.sty
Package: intcalc 2019/12/15 v1.3 Expandable calculations with integers (HO)
)
\Hy@SavedSpaceFactor=\count307

(/usr/share/texlive/texmf-dist/tex/latex/hyperref/puenc.def
File: puenc.def 2025-07-12 v7.01o Hyperref: PDF Unicode definition (HO)
Now handling font encoding PU ...
... no UTF-8 mapping file for font encoding PU
)
Package hyperref Info: Hyper figures OFF on input line 4195.
Package hyperref Info: Link nesting OFF on input line 4200.
Package hyperref Info: Hyper index ON on input line 4203.
Package hyperref Info: Plain pages OFF on input line 4210.
Package hyperref Info: Backreferencing OFF on input line 4215.
Package hyperref Info: Implicit mode ON; LaTeX internals redefined.
Package hyperref Info: Bookmarks ON on input line 4462.
\c@Hy@tempcnt=\count308

(/usr/share/texlive/texmf-dist/tex/latex/url/url.sty
\Urlmuskip=\muskip18
Package: url 2013/09/16  ver 3.4  Verb mode for urls, etc.
)
LaTeX Info: Redefining \url on input line 4801.
\XeTeXLinkMargin=\dimen183

(/usr/share/texlive/texmf-dist/tex/generic/bitset/bitset.sty
Package: bitset 2019/12/09 v1.3 Handle bit-vector datatype (HO)

(/usr/share/texlive/texmf-dist/tex/generic/bigintcalc/bigintcalc.sty
Package: bigintcalc 2019/12/15 v1.5 Expandable calculations on big integers (HO
)
))
\Fld@menulength=\count309
\Field@Width=\dimen184
\Fld@charsize=\dimen185
Package hyperref Info: Hyper figures OFF on input line 6078.
Package hyperref Info: Link nesting OFF on input line 6083.
Package hyperref Info: Hyper index ON on input line 6086.
Package hyperref Info: backreferencing OFF on input line 6093.
Package hyperref Info: Link coloring OFF on input line 6098.
Package hyperref Info: Link coloring with OCG OFF on input line 6103.
Package hyperref Info: PDF/A mode OFF on input line 6108.
\Hy@abspage=\count310
\c@Item=\count311
\c@Hfootnote=\count312
)
Package hyperref Info: Driver (autodetected): hpdftex.

(/usr/share/texlive/texmf-dist/tex/latex/hyperref/hpdftex.def
File: hpdftex.def 2025-07-12 v7.01o Hyperref driver for pdfTeX
\Fld@listcount=\count313
\c@bookmark@seq@number=\count314

(/usr/share/texlive/texmf-dist/tex/latex/rerunfilecheck/rerunfilecheck.sty
Package: rerunfilecheck 2025-06-21 v1.11 Rerun checks for auxiliary files (HO)

(/usr/share/texlive/texmf-dist/tex/generic/uniquecounter/uniquecounter.sty
Package: uniquecounter 2019/12/15 v1.4 Provide unlimited unique counter (HO)
)
Package uniquecounter Info: New unique counter `rerunfilecheck' on input line 2
84.
)
\Hy@SectionHShift=\skip56
)
(/usr/share/texlive/texmf-dist/tex/latex/caption/caption.sty
Package: caption 2023/08/05 v3.6o Customizing captions (AR)

(/usr/share/texlive/texmf-dist/tex/latex/caption/caption3.sty
Package: caption3 2023/07/31 v2.4d caption3 kernel (AR)
\caption@tempdima=\dimen186
\captionmargin=\dimen187
\caption@leftmargin=\dimen188
\caption@rightmargin=\dimen189
\caption@width=\dimen190
\caption@indent=\dimen191
\caption@parindent=\dimen192
\caption@hangindent=\dimen193
Package caption Info: Standard document class detected.
)
\c@caption@flags=\count315
\c@continuedfloat=\count316
Package caption Info: hyperref package is loaded.
)
(/usr/share/texlive/texmf-dist/tex/latex/caption/subcaption.sty
Package: subcaption 2023/07/28 v1.6b Sub-captions (AR)
Package caption Info: New subtype `subfigure' on input line 238.
\c@subfigure=\count317
Package caption Info: New subtype `subtable' on input line 238.
\c@subtable=\count318
)
(/usr/share/texlive/texmf-dist/tex/latex/float/float.sty
Package: float 2001/11/08 v1.3d Float enhancements (AL)
\c@float@type=\count319
\float@exts=\toks24
\float@box=\box55
\@float@everytoks=\toks25
\@floatcapt=\box56
)
(/usr/share/texlive/texmf-dist/tex/latex/tools/array.sty
Package: array 2025/09/25 v2.6n Tabular extension package (FMi)
\col@sep=\dimen194
\ar@mcellbox=\box57
\extrarowheight=\dimen195
\NC@list=\toks26
\extratabsurround=\skip57
\backup@length=\skip58
\ar@cellbox=\box58
)
(/usr/share/texlive/texmf-dist/tex/latex/xcolor/xcolor.sty
Package: xcolor 2024/09/29 v3.02 LaTeX color extensions (UK)

(/usr/share/texlive/texmf-dist/tex/latex/graphics-cfg/color.cfg
File: color.cfg 2016/01/02 v1.6 sample color configuration
)
Package xcolor Info: Driver file: pdftex.def on input line 274.

(/usr/share/texlive/texmf-dist/tex/latex/graphics/mathcolor.ltx)
Package xcolor Info: Model `cmy' substituted by `cmy0' on input line 1349.
Package xcolor Info: Model `hsb' substituted by `rgb' on input line 1353.
Package xcolor Info: Model `RGB' extended on input line 1365.
Package xcolor Info: Model `HTML' substituted by `rgb' on input line 1367.
Package xcolor Info: Model `Hsb' substituted by `hsb' on input line 1368.
Package xcolor Info: Model `tHsb' substituted by `hsb' on input line 1369.
Package xcolor Info: Model `HSB' substituted by `hsb' on input line 1370.
Package xcolor Info: Model `Gray' substituted by `gray' on input line 1371.
Package xcolor Info: Model `wave' substituted by `hsb' on input line 1372.
)
(/usr/share/texlive/texmf-dist/tex/latex/enumitem/enumitem.sty
Package: enumitem 2025/02/06 v3.11 Customized lists
\labelindent=\skip59
\enit@outerparindent=\dimen196
\enit@toks=\toks27
\enit@inbox=\box59
\enit@count@id=\count320
\enitdp@description=\count321
)
(/usr/share/texlive/texmf-dist/tex/latex/microtype/microtype.sty
Package: microtype 2025/07/09 v3.2b Micro-typographical refinements (RS)
\MT@toks=\toks28
\MT@tempbox=\box60
\MT@count=\count322
LaTeX Info: Redefining \noprotrusionifhmode on input line 1087.
LaTeX Info: Redefining \leftprotrusion on input line 1088.
\MT@prot@toks=\toks29
LaTeX Info: Redefining \rightprotrusion on input line 1107.
LaTeX Info: Redefining \textls on input line 1449.
\MT@outer@kern=\dimen197
LaTeX Info: Redefining \microtypecontext on input line 2053.
LaTeX Info: Redefining \textmicrotypecontext on input line 2070.
\MT@listname@count=\count323

(/usr/share/texlive/texmf-dist/tex/latex/microtype/microtype-pdftex.def
File: microtype-pdftex.def 2025/07/09 v3.2b Definitions specific to pdftex (RS)

LaTeX Info: Redefining \lsstyle on input line 944.
LaTeX Info: Redefining \lslig on input line 944.
\MT@outer@space=\skip60
)
Package microtype Info: Loading configuration file microtype.cfg.

(/usr/share/texlive/texmf-dist/tex/latex/microtype/microtype.cfg
File: microtype.cfg 2025/07/09 v3.2b microtype main configuration file (RS)
)
LaTeX Info: Redefining \microtypesetup on input line 3065.
)
(/usr/share/texlive/texmf-dist/tex/latex/parskip/parskip.sty
Package: parskip 2021-03-14 v2.0h non-zero parskip adjustments
)
(/usr/share/texlive/texmf-dist/tex/latex/appendix/appendix.sty
Package: appendix 2020/02/08 v1.2c extra appendix facilities
\c@@pps=\count324
\c@@ppsavesec=\count325
\c@@ppsaveapp=\count326
)
Package hyperref Info: Option `colorlinks' set `true' on input line 27.

(/usr/share/texlive/texmf-dist/tex/latex/l3backend/l3backend-pdftex.def
File: l3backend-pdftex.def 2025-10-09 L3 backend support: PDF output (pdfTeX)
\l__color_backend_stack_int=\count327
)
(./main.aux)
\openout1 = `main.aux'.

LaTeX Font Info:    Checking defaults for OML/cmm/m/it on input line 40.
LaTeX Font Info:    ... okay on input line 40.
LaTeX Font Info:    Checking defaults for OMS/cmsy/m/n on input line 40.
LaTeX Font Info:    ... okay on input line 40.
LaTeX Font Info:    Checking defaults for OT1/cmr/m/n on input line 40.
LaTeX Font Info:    ... okay on input line 40.
LaTeX Font Info:    Checking defaults for T1/cmr/m/n on input line 40.
LaTeX Font Info:    ... okay on input line 40.
LaTeX Font Info:    Checking defaults for TS1/cmr/m/n on input line 40.
LaTeX Font Info:    ... okay on input line 40.
LaTeX Font Info:    Checking defaults for OMX/cmex/m/n on input line 40.
LaTeX Font Info:    ... okay on input line 40.
LaTeX Font Info:    Checking defaults for U/cmr/m/n on input line 40.
LaTeX Font Info:    ... okay on input line 40.
LaTeX Font Info:    Checking defaults for PD1/pdf/m/n on input line 40.
LaTeX Font Info:    ... okay on input line 40.
LaTeX Font Info:    Checking defaults for PU/pdf/m/n on input line 40.
LaTeX Font Info:    ... okay on input line 40.

*geometry* driver: auto-detecting
*geometry* detected driver: pdftex
*geometry* verbose mode - [ preamble ] result:
* driver: pdftex
* paper: a4paper
* layout: <same size as paper>
* layoutoffset:(h,v)=(0.0pt,0.0pt)
* modes: 
* h-part:(L,W,R)=(65.04256pt, 467.42276pt, 65.04256pt)
* v-part:(T,H,B)=(65.04256pt, 714.96173pt, 65.04256pt)
* \paperwidth=597.50787pt
* \paperheight=845.04684pt
* \textwidth=467.42276pt
* \textheight=714.96173pt
* \oddsidemargin=-7.22743pt
* \evensidemargin=-7.22743pt
* \topmargin=-44.22743pt
* \headheight=12.0pt
* \headsep=25.0pt
* \topskip=11.0pt
* \footskip=30.0pt
* \marginparwidth=50.0pt
* \marginparsep=10.0pt
* \columnsep=10.0pt
* \skip\footins=10.0pt plus 4.0pt minus 2.0pt
* \hoffset=0.0pt
* \voffset=0.0pt
* \mag=1000
* \@twocolumnfalse
* \@twosidefalse
* \@mparswitchfalse
* \@reversemarginfalse
* (1in=72.27pt=25.4mm, 1cm=28.453pt)

(/usr/share/texlive/texmf-dist/tex/context/base/mkii/supp-pdf.mkii
[Loading MPS to PDF converter (version 2006.09.02).]
\scratchcounter=\count328
\scratchdimen=\dimen198
\scratchbox=\box61
\nofMPsegments=\count329
\nofMParguments=\count330
\everyMPshowfont=\toks30
\MPscratchCnt=\count331
\MPscratchDim=\dimen199
\MPnumerator=\count332
\makeMPintoPDFobject=\count333
\everyMPtoPDFconversion=\toks31
) (/usr/share/texlive/texmf-dist/tex/latex/epstopdf-pkg/epstopdf-base.sty
Package: epstopdf-base 2020-01-24 v2.11 Base part for package epstopdf
Package epstopdf-base Info: Redefining graphics rule for `.eps' on input line 4
85.

(/usr/share/texlive/texmf-dist/tex/latex/latexconfig/epstopdf-sys.cfg
File: epstopdf-sys.cfg 2010/07/13 v1.3 Configuration of (r)epstopdf for TeX Liv
e
))
Package hyperref Info: Link coloring ON on input line 40.

(./main.out) (./main.out)
\@outlinefile=\write3
\openout3 = `main.out'.

Package caption Info: Begin \AtBeginDocument code.
Package caption Info: float package is loaded.
Package caption Info: End \AtBeginDocument code.
LaTeX Info: Redefining \microtypecontext on input line 40.
Package microtype Info: Applying patch `item' on input line 40.
Package microtype Info: Applying patch `toc' on input line 40.
Package microtype Info: Applying patch `eqnum' on input line 40.
Package microtype Info: Applying patch `footnote' on input line 40.
Package microtype Info: Applying patch `verbatim' on input line 40.
LaTeX Info: Redefining \microtypesetup on input line 40.
Package microtype Info: Generating PDF output.
Package microtype Info: Character protrusion enabled (level 2).
Package microtype Info: Using default protrusion set `alltext'.
Package microtype Info: Automatic font expansion enabled (level 2),
(microtype)             stretch: 20, shrink: 20, step: 1, non-selected.
Package microtype Info: Using default expansion set `alltext-nott'.
Package microtype Info: Patching command `\showhyphens'.
Package microtype Info: No adjustment of tracking.
Package microtype Info: No adjustment of interword spacing.
Package microtype Info: No adjustment of character kerning.

(/usr/share/texlive/texmf-dist/tex/latex/microtype/mt-cmr.cfg
File: mt-cmr.cfg 2013/05/19 v2.2 microtype config. file: Computer Modern Roman 
(RS)
)
LaTeX Font Info:    Trying to load font information for U+msa on input line 42.


(/usr/share/texlive/texmf-dist/tex/latex/amsfonts/umsa.fd
File: umsa.fd 2013/01/14 v3.01 AMS symbols A
)
(/usr/share/texlive/texmf-dist/tex/latex/microtype/mt-msa.cfg
File: mt-msa.cfg 2006/02/04 v1.1 microtype config. file: AMS symbols (a) (RS)
)
LaTeX Font Info:    Trying to load font information for U+msb on input line 42.


(/usr/share/texlive/texmf-dist/tex/latex/amsfonts/umsb.fd
File: umsb.fd 2013/01/14 v3.01 AMS symbols B
)
(/usr/share/texlive/texmf-dist/tex/latex/microtype/mt-msb.cfg
File: mt-msb.cfg 2005/06/01 v1.0 microtype config. file: AMS symbols (b) (RS)
)
<figures/P1_auto_all_targets_eval_return_mean.png, id=102, 715.7139pt x 425.188
5pt>
File: figures/P1_auto_all_targets_eval_return_mean.png Graphic file (type png)
<use figures/P1_auto_all_targets_eval_return_mean.png>
Package pdftex.def Info: figures/P1_auto_all_targets_eval_return_mean.png  used
 on input line 79.
(pdftex.def)             Requested size: 229.03972pt x 136.0631pt.
<figures/P1b_auto_all_targets_angle_error.png, id=104, 715.7139pt x 425.1885pt>

File: figures/P1b_auto_all_targets_angle_error.png Graphic file (type png)
<use figures/P1b_auto_all_targets_angle_error.png>
Package pdftex.def Info: figures/P1b_auto_all_targets_angle_error.png  used on 
input line 84.
(pdftex.def)             Requested size: 229.03972pt x 136.0631pt.
 [1

{/var/lib/texmf/fonts/map/pdftex/updmap/pdftex.map} <./figures/P1_auto_all_targ
ets_eval_return_mean.png> <./figures/P1b_auto_all_targets_angle_error.png>]
<figures/pendulum_angles.png, id=130, 1201.48875pt x 673.51625pt>
File: figures/pendulum_angles.png Graphic file (type png)
<use figures/pendulum_angles.png>
Package pdftex.def Info: figures/pendulum_angles.png  used on input line 138.
(pdftex.def)             Requested size: 357.11276pt x 200.186pt.
 [2]

Package hyperref Warning: Token not allowed in a PDF string (Unicode):
(hyperref)                removing `math shift' on input line 143.


Package hyperref Warning: Token not allowed in a PDF string (Unicode):
(hyperref)                removing `\alpha' on input line 143.


Package hyperref Warning: Token not allowed in a PDF string (Unicode):
(hyperref)                removing `math shift' on input line 143.

<figures/P3_manual_vs_auto_eval_return_panels.png, id=138, 860.2539pt x 593.336
7pt>
File: figures/P3_manual_vs_auto_eval_return_panels.png Graphic file (type png)
<use figures/P3_manual_vs_auto_eval_return_panels.png>
Package pdftex.def Info: figures/P3_manual_vs_auto_eval_return_panels.png  used
 on input line 149.
(pdftex.def)             Requested size: 411.3343pt x 283.7029pt.
[3 <./figures/pendulum_angles.png (PNG copy)> <./figures/P3_manual_vs_auto_eval
_return_panels.png>]
<figures/P5_reward_scaling_eval_return_panels_FIXED.png, id=147, 860.2539pt x 3
60.8682pt>
File: figures/P5_reward_scaling_eval_return_panels_FIXED.png Graphic file (type
 png)
<use figures/P5_reward_scaling_eval_return_panels_FIXED.png>
Package pdftex.def Info: figures/P5_reward_scaling_eval_return_panels_FIXED.png
  used on input line 162.
(pdftex.def)             Requested size: 411.3343pt x 172.5485pt.


LaTeX Warning: `h' float specifier changed to `ht'.

<figures/continuous_sac_auto_alpha.png, id=148, 642.4803pt x 354.123pt>
File: figures/continuous_sac_auto_alpha.png Graphic file (type png)
<use figures/continuous_sac_auto_alpha.png>
Package pdftex.def Info: figures/continuous_sac_auto_alpha.png  used on input l
ine 201.
(pdftex.def)             Requested size: 336.54495pt x 185.49588pt.
[4 <./figures/P5_reward_scaling_eval_return_panels_FIXED.png>]
<figures/hover_return_hits.png, id=156, 1001.6622pt x 357.7365pt>
File: figures/hover_return_hits.png Graphic file (type png)
<use figures/hover_return_hits.png>
Package pdftex.def Info: figures/hover_return_hits.png  used on input line 214.

(pdftex.def)             Requested size: 467.42276pt x 166.93527pt.
 [5 <./figures/continuous_sac_auto_alpha.png>]
<figures/hover_alpha_evolution.png, id=164, 642.4803pt x 354.123pt>
File: figures/hover_alpha_evolution.png Graphic file (type png)
<use figures/hover_alpha_evolution.png>
Package pdftex.def Info: figures/hover_alpha_evolution.png  used on input line 
223.
(pdftex.def)             Requested size: 336.54495pt x 185.49588pt.
<figures/discrete_sac_vs_dqn.png, id=166, 642.4803pt x 354.123pt>
File: figures/discrete_sac_vs_dqn.png Graphic file (type png)
<use figures/discrete_sac_vs_dqn.png>
Package pdftex.def Info: figures/discrete_sac_vs_dqn.png  used on input line 24
8.
(pdftex.def)             Requested size: 364.58917pt x 200.95522pt.
 [6 <./figures/hover_return_hits.png> <./figures/hover_alpha_evolution.png>] [7
 <./figures/discrete_sac_vs_dqn.png>]
<figures/reacher_self_eval_combined.png, id=185, 1290.7422pt x 338.7054pt>
File: figures/reacher_self_eval_combined.png Graphic file (type png)
<use figures/reacher_self_eval_combined.png>
Package pdftex.def Info: figures/reacher_self_eval_combined.png  used on input 
line 285.
(pdftex.def)             Requested size: 467.42276pt x 122.6574pt.
<figures/reacher_behavior_steps_to_goal.png, id=186, 498.663pt x 324.0105pt>
File: figures/reacher_behavior_steps_to_goal.png Graphic file (type png)
<use figures/reacher_behavior_steps_to_goal.png>
Package pdftex.def Info: figures/reacher_behavior_steps_to_goal.png  used on in
put line 298.
(pdftex.def)             Requested size: 224.36092pt x 145.77866pt.
<figures/reacher_behavior_steps_in_target.png, id=187, 498.663pt x 324.0105pt>
File: figures/reacher_behavior_steps_in_target.png Graphic file (type png)
<use figures/reacher_behavior_steps_in_target.png>
Package pdftex.def Info: figures/reacher_behavior_steps_in_target.png  used on 
input line 304.
(pdftex.def)             Requested size: 224.36092pt x 145.77866pt.
 [8 <./figures/reacher_self_eval_combined.png> <./figures/reacher_behavior_step
s_to_goal.png> <./figures/reacher_behavior_steps_in_target.png>]
<figures/reacher_cross_eval_combined.png, id=200, 1290.7422pt x 338.7054pt>
File: figures/reacher_cross_eval_combined.png Graphic file (type png)
<use figures/reacher_cross_eval_combined.png>
Package pdftex.def Info: figures/reacher_cross_eval_combined.png  used on input
 line 317.
(pdftex.def)             Requested size: 467.42276pt x 122.6574pt.

Overfull \hbox (31.74947pt too wide) in paragraph at lines 340--341
\OT1/cmr/m/n/10.95 (-20) We com-pare PEB-BLE (bud-get=200) against SAC with gro
und-truth re-ward for $\OML/cmm/m/it/10.95 ^^R \OMS/cmsy/m/n/10.95 2 f\OT1/cmr/
m/n/10.95 (-20) 0\OML/cmm/m/it/10.95 ; \OMS/cmsy/m/n/10.95 ^^@\OT1/cmr/m/n/10.9
5 (-20) 60\OML/cmm/m/it/10.95 ; \OT1/cmr/m/n/10.95 (-20) 90\OML/cmm/m/it/10.95 
; \OT1/cmr/m/n/10.95 (-20) 120\OML/cmm/m/it/10.95 ; \OMS/cmsy/m/n/10.95 ^^@\OT1
/cmr/m/n/10.95 (-20) 150\OMS/cmsy/m/n/10.95 g[]$\OT1/cmr/m/n/10.95 (-20) . 
 []

<figures/pebble_pendulum.png, id=201, 1076.1003pt x 570.2103pt>
File: figures/pebble_pendulum.png Graphic file (type png)
<use figures/pebble_pendulum.png>
Package pdftex.def Info: figures/pebble_pendulum.png  used on input line 344.
(pdftex.def)             Requested size: 430.02808pt x 227.86256pt.
[9 <./figures/reacher_cross_eval_combined.png>]
<figures/pebble_budget_ablation.png, id=210, 642.4803pt x 354.123pt>
File: figures/pebble_budget_ablation.png Graphic file (type png)
<use figures/pebble_budget_ablation.png>
Package pdftex.def Info: figures/pebble_budget_ablation.png  used on input line
 357.
(pdftex.def)             Requested size: 364.58917pt x 200.95522pt.
 [10 <./figures/pebble_pendulum.png> <./figures/pebble_budget_ablation.png>]
<figures/pebble_reacher.png, id=219, 642.4803pt x 354.123pt>
File: figures/pebble_reacher.png Graphic file (type png)
<use figures/pebble_reacher.png>
Package pdftex.def Info: figures/pebble_reacher.png  used on input line 370.
(pdftex.def)             Requested size: 364.58917pt x 200.95522pt.
 [11 <./figures/pebble_reacher.png>]
<figures/P1c_auto_all_targets_angular_velocity.png, id=226, 715.7139pt x 425.18
85pt>
File: figures/P1c_auto_all_targets_angular_velocity.png Graphic file (type png)

<use figures/P1c_auto_all_targets_angular_velocity.png>
Package pdftex.def Info: figures/P1c_auto_all_targets_angular_velocity.png  use
d on input line 395.
(pdftex.def)             Requested size: 149.5787pt x 88.85753pt.
<figures/P1e_auto_all_targets_target_occupancy.png, id=227, 715.7139pt x 425.18
85pt>
File: figures/P1e_auto_all_targets_target_occupancy.png Graphic file (type png)

<use figures/P1e_auto_all_targets_target_occupancy.png>
Package pdftex.def Info: figures/P1e_auto_all_targets_target_occupancy.png  use
d on input line 399.
(pdftex.def)             Requested size: 149.5787pt x 88.85753pt.
<figures/P1d_auto_all_targets_torque.png, id=228, 715.7139pt x 425.1885pt>
File: figures/P1d_auto_all_targets_torque.png Graphic file (type png)
<use figures/P1d_auto_all_targets_torque.png>
Package pdftex.def Info: figures/P1d_auto_all_targets_torque.png  used on input
 line 403.
(pdftex.def)             Requested size: 149.5787pt x 88.85753pt.


Package hyperref Warning: Token not allowed in a PDF string (Unicode):
(hyperref)                removing `math shift' on input line 410.


Package hyperref Warning: Token not allowed in a PDF string (Unicode):
(hyperref)                removing `superscript' on input line 410.


Package hyperref Warning: Token not allowed in a PDF string (Unicode):
(hyperref)                removing `\circ' on input line 410.


Package hyperref Warning: Token not allowed in a PDF string (Unicode):
(hyperref)                removing `math shift' on input line 410.

<figures/A4_phase_portraits_selected_targets.png, id=229, 715.473pt x 593.3367p
t>
File: figures/A4_phase_portraits_selected_targets.png Graphic file (type png)
<use figures/A4_phase_portraits_selected_targets.png>
Package pdftex.def Info: figures/A4_phase_portraits_selected_targets.png  used 
on input line 451.
(pdftex.def)             Requested size: 336.54495pt x 279.09462pt.
[12

 <./figures/P1c_auto_all_targets_angular_velocity.png> <./figures/P1e_auto_all_
targets_target_occupancy.png> <./figures/P1d_auto_all_targets_torque.png>]
<figures/reacher_final_return_heatmap.png, id=242, 437.2335pt x 367.3725pt>
File: figures/reacher_final_return_heatmap.png Graphic file (type png)
<use figures/reacher_final_return_heatmap.png>
Package pdftex.def Info: figures/reacher_final_return_heatmap.png  used on inpu
t line 461.
(pdftex.def)             Requested size: 317.84404pt x 267.06415pt.
<figures/reacher_tsne_by_policy.png, id=243, 570.933pt x 425.1885pt>
File: figures/reacher_tsne_by_policy.png Graphic file (type png)
<use figures/reacher_tsne_by_policy.png>
Package pdftex.def Info: figures/reacher_tsne_by_policy.png  used on input line
 470.
(pdftex.def)             Requested size: 317.84404pt x 236.71553pt.

[13 <./figures/A4_phase_portraits_selected_targets.png> <./figures/reacher_fina
l_return_heatmap.png>]
<figures/reacher_cumulative_dwell_fraction.png, id=253, 570.933pt x 353.1594pt>

File: figures/reacher_cumulative_dwell_fraction.png Graphic file (type png)
<use figures/reacher_cumulative_dwell_fraction.png>
Package pdftex.def Info: figures/reacher_cumulative_dwell_fraction.png  used on
 input line 479.
(pdftex.def)             Requested size: 317.84404pt x 196.6147pt.
 [14 <./figures/reacher_tsne_by_policy.png> <./figures/reacher_cumulative_dwell
_fraction.png>] (./main.aux)
 ***********
LaTeX2e <2025-11-01>
L3 programming layer <2026-01-19>
 ***********
Package rerunfilecheck Info: File `main.out' has not changed.
(rerunfilecheck)             Checksum: C92FC7B394E0A5239E079B9C6212AB9D;4154.
 ) 
Here is how much of TeX's memory you used:
 15222 strings out of 469514
 246063 string characters out of 5470073
 694634 words of memory out of 5000000
 43497 multiletter control sequences out of 15000+600000
 643513 words of font info for 157 fonts, out of 8000000 for 9000
 14 hyphenation exceptions out of 8191
 75i,17n,79p,1001b,630s stack positions out of 10000i,1000n,20000p,200000b,200000s
 </home/shriprasad/.texlive2025/texmf-var/fonts/pk/ljfour/jknappen/ec/tcrm109
5.600pk></usr/share/texlive/texmf-dist/fonts/type1/public/amsfonts/cm/cmbx10.pf
b></usr/share/texlive/texmf-dist/fonts/type1/public/amsfonts/cm/cmbx12.pfb></us
r/share/texlive/texmf-dist/fonts/type1/public/amsfonts/cm/cmbx9.pfb></usr/share
/texlive/texmf-dist/fonts/type1/public/amsfonts/cm/cmex10.pfb></usr/share/texli
ve/texmf-dist/fonts/type1/public/amsfonts/cm/cmmi10.pfb></usr/share/texlive/tex
mf-dist/fonts/type1/public/amsfonts/cm/cmmi12.pfb></usr/share/texlive/texmf-dis
t/fonts/type1/public/amsfonts/cm/cmmi7.pfb></usr/share/texlive/texmf-dist/fonts
/type1/public/amsfonts/cm/cmmi8.pfb></usr/share/texlive/texmf-dist/fonts/type1/
public/amsfonts/cm/cmr10.pfb></usr/share/texlive/texmf-dist/fonts/type1/public/
amsfonts/cm/cmr12.pfb></usr/share/texlive/texmf-dist/fonts/type1/public/amsfont
s/cm/cmr7.pfb></usr/share/texlive/texmf-dist/fonts/type1/public/amsfonts/cm/cmr
8.pfb></usr/share/texlive/texmf-dist/fonts/type1/public/amsfonts/cm/cmr9.pfb></
usr/share/texlive/texmf-dist/fonts/type1/public/amsfonts/cm/cmsy10.pfb></usr/sh
are/texlive/texmf-dist/fonts/type1/public/amsfonts/cm/cmsy6.pfb></usr/share/tex
live/texmf-dist/fonts/type1/public/amsfonts/cm/cmsy7.pfb></usr/share/texlive/te
xmf-dist/fonts/type1/public/amsfonts/cm/cmsy8.pfb></usr/share/texlive/texmf-dis
t/fonts/type1/public/amsfonts/cm/cmtt10.pfb></usr/share/texlive/texmf-dist/font
s/type1/public/amsfonts/symbols/msbm10.pfb>
Output written on main.pdf (14 pages, 4846878 bytes).
PDF statistics:
 363 PDF objects out of 1000 (max. 8388607)
 260 compressed objects within 3 object streams
 69 named destinations out of 1000 (max. 500000)
 33588 words of extra memory for PDF output out of 35830 (max. 10000000)

