\BOOKMARK [1][-]{section.1}{\376\377\000S\000e\000c\000t\000i\000o\000n\000\040\0002\000.\0001\000:\000\040\000P\000e\000n\000d\000u\000l\000u\000m}{}% 1
\BOOKMARK [2][-]{subsection.1.1}{\376\377\000E\000n\000v\000i\000r\000o\000n\000m\000e\000n\000t\000\040\000a\000n\000d\000\040\000R\000e\000w\000a\000r\000d\000\040\000D\000e\000s\000i\000g\000n}{section.1}% 2
\BOOKMARK [2][-]{subsection.1.2}{\376\377\000S\000A\000C\000\040\000A\000c\000r\000o\000s\000s\000\040\000T\000a\000r\000g\000e\000t\000\040\000A\000n\000g\000l\000e\000s}{section.1}% 3
\BOOKMARK [2][-]{subsection.1.3}{\376\377\000O\000p\000t\000i\000m\000a\000l\000\040\000B\000e\000h\000a\000v\000i\000o\000r}{section.1}% 4
\BOOKMARK [2][-]{subsection.1.4}{\376\377\000M\000a\000n\000u\000a\000l\000\040\000v\000s\000.\000\040\000A\000u\000t\000o\000m\000a\000t\000i\000c\000\040}{section.1}% 5
\BOOKMARK [2][-]{subsection.1.5}{\376\377\000R\000e\000w\000a\000r\000d\000\040\000S\000c\000a\000l\000i\000n\000g}{section.1}% 6
\BOOKMARK [1][-]{section.2}{\376\377\000S\000e\000c\000t\000i\000o\000n\000\040\0002\000.\0002\000:\000\040\000L\000u\000n\000a\000r\000\040\000L\000a\000n\000d\000e\000r}{}% 7
\BOOKMARK [2][-]{subsection.2.1}{\376\377\000E\000x\000p\000e\000r\000i\000m\000e\000n\000t\000a\000l\000\040\000S\000e\000t\000u\000p}{section.2}% 8
\BOOKMARK [2][-]{subsection.2.2}{\376\377\000C\000o\000n\000t\000i\000n\000u\000o\000u\000s\000\040\000S\000A\000C\000\040\000w\000i\000t\000h\000\040\000A\000u\000t\000o\000m\000a\000t\000e\000d\000\040\000T\000e\000m\000p\000e\000r\000a\000t\000u\000r\000e\000\040\000T\000u\000n\000i\000n\000g}{section.2}% 9
\BOOKMARK [2][-]{subsection.2.3}{\376\377\000H\000o\000v\000e\000r\000-\000B\000o\000x\000\040\000R\000e\000w\000a\000r\000d\000\040\000S\000w\000i\000t\000c\000h}{section.2}% 10
\BOOKMARK [2][-]{subsection.2.4}{\376\377\000D\000i\000s\000c\000r\000e\000t\000e\000\040\000S\000A\000C\000\040\000F\000o\000r\000m\000u\000l\000a\000t\000i\000o\000n}{section.2}% 11
\BOOKMARK [2][-]{subsection.2.5}{\376\377\000D\000i\000s\000c\000r\000e\000t\000e\000\040\000S\000A\000C\000\040\000v\000s\000.\000\040\000D\000Q\000N}{section.2}% 12
\BOOKMARK [1][-]{section.3}{\376\377\000S\000e\000c\000t\000i\000o\000n\000\040\0002\000.\0003\000:\000\040\000R\000e\000a\000c\000h\000e\000r}{}% 13
\BOOKMARK [2][-]{subsection.3.1}{\376\377\000S\000e\000t\000u\000p}{section.3}% 14
\BOOKMARK [2][-]{subsection.3.2}{\376\377\000S\000e\000l\000f\000-\000E\000v\000a\000l\000u\000a\000t\000i\000o\000n}{section.3}% 15
\BOOKMARK [2][-]{subsection.3.3}{\376\377\000F\000i\000n\000a\000l\000-\000P\000o\000l\000i\000c\000y\000\040\000B\000e\000h\000a\000v\000i\000o\000r\000a\000l\000\040\000M\000e\000t\000r\000i\000c\000s}{section.3}% 16
\BOOKMARK [2][-]{subsection.3.4}{\376\377\000C\000r\000o\000s\000s\000-\000E\000v\000a\000l\000u\000a\000t\000i\000o\000n}{section.3}% 17
\BOOKMARK [1][-]{section.4}{\376\377\000S\000e\000c\000t\000i\000o\000n\000\040\0003\000\040\000\050\000B\000o\000n\000u\000s\000\051\000:\000\040\000P\000E\000B\000B\000L\000E}{}% 18
\BOOKMARK [2][-]{subsection.4.1}{\376\377\000P\000E\000B\000B\000L\000E\000\040\000o\000n\000\040\000P\000e\000n\000d\000u\000l\000u\000m}{section.4}% 19
\BOOKMARK [2][-]{subsection.4.2}{\376\377\000F\000e\000e\000d\000b\000a\000c\000k\000\040\000B\000u\000d\000g\000e\000t\000\040\000A\000b\000l\000a\000t\000i\000o\000n}{section.4}% 20
\BOOKMARK [2][-]{subsection.4.3}{\376\377\000P\000E\000B\000B\000L\000E\000\040\000o\000n\000\040\000R\000e\000a\000c\000h\000e\000r}{section.4}% 21
\BOOKMARK [1][-]{appendix.A}{\376\377\000P\000e\000n\000d\000u\000l\000u\000m\000\040\000B\000e\000h\000a\000v\000i\000o\000r\000\040\000D\000i\000a\000g\000n\000o\000s\000t\000i\000c\000s}{}% 22
\BOOKMARK [1][-]{appendix.B}{\376\377\000T\000o\000r\000q\000u\000e\000-\000L\000i\000m\000i\000t\000\040\000D\000i\000a\000g\000n\000o\000s\000t\000i\000c\000\040\000\050\000-\0006\0000\000\051}{}% 23
\BOOKMARK [1][-]{appendix.C}{\376\377\000A\000d\000d\000i\000t\000i\000o\000n\000a\000l\000\040\000R\000e\000a\000c\000h\000e\000r\000\040\000D\000i\000a\000g\000n\000o\000s\000t\000i\000c\000s}{}% 24
